http://localhost:8907/frames/nested-frames.html
    http://localhost:8907/frames/two-frames.html
        http://localhost:8907/frames/frame.html
        http://localhost:8907/frames/frame.html
    http://localhost:8907/frames/frame.html