[MarkDown] Method not found: Foo.constructor()
[MarkDown] Non-existing property found: Foo.c
[MarkDown] Property not found: Foo.b